// Jest Snapshot v1, https://goo.gl/fbAQLP

exports[`SearchForm renders snapshot 1`] = `
<form
  class="sc-iBPRYJ gxGBft"
>
  <label
    class="sc-fubCfw gdeFvu"
    for="search"
  >
    <strong>
      Search:
    </strong>
  </label>
  Â 
  <input
    class="sc-pFZIQ ghrsKE"
    id="search"
    type="text"
    value="React"
  />
  <button
    class="sc-eCssSg sc-gKsewC jMiduE cyApdD"
    type="submit"
  >
    Submit
  </button>
</form>
`;
